// Jest Snapshot v1, https://goo.gl/fbAQLP

exports[`Home component renders correctly 1`] = `
<div
  className="container"
>
  <h2>
    Welcome to our page!
  </h2>
  <p>
    Lorem ipsum dolor sit amet, consectetur adipiscing elit. Proin fringilla nulla sed commodo efficitur. Curabitur porttitor hendrerit nisl, vitae dapibus nisi imperdiet auctor. Suspendisse a orci dolor. Aliquam pharetra id ligula sit amet egestas. Maecenas tincidunt nulla turpis, eu molestie enim accumsan sit amet. In ut erat suscipit, ornare lectus quis, ullamcorper erat. Pellentesque tempus arcu ut molestie tincidunt. Ut ac leo pretium, vestibulum arcu sit amet, finibus quam. Mauris sit amet tincidunt urna. Phasellus dapibus augue vitae eleifend rhoncus.
  </p>
  <br />
  <p>
    Lorem ipsum dolor sit amet, consectetur adipiscing elit. Proin fringilla nulla sed commodo efficitur. Curabitur porttitor hendrerit nisl, vitae dapibus nisi imperdiet auctor. Suspendisse a orci dolor. Aliquam pharetra id ligula sit amet egestas. Maecenas tincidunt nulla turpis, eu molestie enim accumsan sit amet. In ut erat suscipit, ornare lectus quis, ullamcorper erat. Pellentesque tempus arcu ut molestie tincidunt. Ut ac leo pretium, vestibulum arcu sit amet, finibus quam. Mauris sit amet tincidunt urna. Phasellus dapibus augue vitae eleifend rhoncus.
  </p>
</div>
`;

exports[`Home renders correctly 1`] = `
<div
  className="container"
>
  <h2>
    Welcome to our Page!
  </h2>
  <p>
    Lorem ipsum dolor sit amet, consectetur adipiscing elit. Proin fringilla nulla sed commodo efficitur. Curabitur porttitor hendrerit nisl, vitae dapibus nisi imperdiet auctor. Suspendisse a orci dolor. Aliquam pharetra id ligula sit amet egestas. Maecenas tincidunt nulla turpis, eu molestie enim accumsan sit amet. In ut erat suscipit, ornare lectus quis, ullamcorper erat. Pellentesque tempus arcu ut molestie tincidunt. Ut ac leo pretium, vestibulum arcu sit amet, finibus quam. Mauris sit amet tincidunt urna. Phasellus dapibus augue vitae eleifend rhoncus.
  </p>
  <br />
  <p>
    Lorem ipsum dolor sit amet, consectetur adipiscing elit. Proin fringilla nulla sed commodo efficitur. Curabitur porttitor hendrerit nisl, vitae dapibus nisi imperdiet auctor. Suspendisse a orci dolor. Aliquam pharetra id ligula sit amet egestas. Maecenas tincidunt nulla turpis, eu molestie enim accumsan sit amet. In ut erat suscipit, ornare lectus quis, ullamcorper erat. Pellentesque tempus arcu ut molestie tincidunt. Ut ac leo pretium, vestibulum arcu sit amet, finibus quam. Mauris sit amet tincidunt urna. Phasellus dapibus augue vitae eleifend rhoncus.
  </p>
</div>
`;
